\BOOKMARK [1][-]{section.1}{\376\377\000A\000c\000t\000i\000v\000i\000d\000a\000d\000\040\0001\000:\000\040\000B\000a\000c\000k\000p\000r\000o\000p\000a\000g\000a\000t\000i\000o\000n\000\040\000c\000o\000n\000\040\000f\000u\000n\000c\000i\000\363\000n\000\040\000t\000a\000n\000g\000e\000n\000t\000e\000\040\000h\000i\000p\000e\000r\000b\000\363\000l\000i\000c\000a}{}% 1
\BOOKMARK [1][-]{section.2}{\376\377\000A\000c\000t\000i\000v\000i\000d\000a\000d\000\040\0002\000:\000\040\000D\000i\000f\000e\000r\000e\000n\000c\000i\000a\000s\000\040\000e\000n\000t\000r\000e\000\040\000N\000a\000\357\000v\000e\000\040\000B\000a\000y\000e\000s\000\040\000y\000\040\000r\000e\000d\000\040\000T\000A\000N}{}% 2
\BOOKMARK [1][-]{section.3}{\376\377\000A\000c\000t\000i\000v\000i\000d\000a\000d\000\040\0003\000:\000\040\000T\000o\000l\000e\000r\000a\000n\000c\000i\000a\000\040\000a\000l\000\040\000r\000u\000i\000d\000o\000\040\000e\000n\000\040\000r\000e\000d\000e\000s\000\040\000n\000e\000u\000r\000o\000n\000a\000l\000e\000s}{}% 3
\BOOKMARK [1][-]{section.4}{\376\377\000A\000c\000t\000i\000v\000i\000d\000a\000d\000\040\0004\000:\000\040\000H\000e\000u\000r\000\355\000s\000t\000i\000c\000a\000s\000\040\000p\000a\000r\000a\000\040\000l\000a\000\040\000t\000a\000s\000a\000\040\000d\000e\000\040\000a\000p\000r\000e\000n\000d\000i\000z\000a\000j\000e}{}% 4
\BOOKMARK [2][-]{subsection.4.1}{\376\377\000H\000e\000u\000r\000\355\000s\000t\000i\000c\000a\000\040\0001\000:\000\040\000D\000e\000c\000a\000i\000m\000i\000e\000n\000t\000o\000\040\000d\000e\000\040\000l\000a\000\040\000t\000a\000s\000a\000\040\000d\000e\000\040\000a\000p\000r\000e\000n\000d\000i\000z\000a\000j\000e}{section.4}% 5
\BOOKMARK [2][-]{subsection.4.2}{\376\377\000H\000e\000u\000r\000\355\000s\000t\000i\000c\000a\000\040\0002\000:\000\040\000T\000a\000s\000a\000\040\000d\000e\000\040\000a\000p\000r\000e\000n\000d\000i\000z\000a\000j\000e\000\040\000a\000d\000a\000p\000t\000a\000t\000i\000v\000a\000\040\000\050\000e\000s\000c\000a\000l\000a\000m\000i\000e\000n\000t\000o\000\040\000p\000o\000r\000\040\000c\000o\000o\000r\000d\000e\000n\000a\000d\000a\000s\000\051}{section.4}% 6
\BOOKMARK [2][-]{subsection.4.3}{\376\377\000H\000e\000u\000r\000\355\000s\000t\000i\000c\000a\000\040\0003\000:\000\040\000P\000r\000o\000g\000r\000a\000m\000a\000c\000i\000\363\000n\000\040\000c\000\355\000c\000l\000i\000c\000a\000\040\000d\000e\000\040\000l\000a\000\040\000t\000a\000s\000a\000\040\000d\000e\000\040\000a\000p\000r\000e\000n\000d\000i\000z\000a\000j\000e\000\040\000\050\000C\000L\000R\000\051}{section.4}% 7
\BOOKMARK [1][-]{section.5}{\376\377\000A\000c\000t\000i\000v\000i\000d\000a\000d\000\040\0005\000:\000\040\000D\000i\000a\000g\000r\000a\000m\000a\000\040\000d\000e\000\040\000d\000i\000s\000p\000e\000r\000s\000i\000\363\000n\000\040\000y\000\040\000c\000l\000u\000s\000t\000e\000r\000i\000n\000g}{}% 8
\BOOKMARK [2][-]{subsection.5.1}{\376\377\000P\000r\000i\000n\000c\000i\000p\000i\000o\000\040\000d\000e\000\040\000f\000u\000n\000c\000i\000o\000n\000a\000m\000i\000e\000n\000t\000o}{section.5}% 9
\BOOKMARK [2][-]{subsection.5.2}{\376\377\000E\000j\000e\000m\000p\000l\000o\000\040\000i\000l\000u\000s\000t\000r\000a\000t\000i\000v\000o}{section.5}% 10
\BOOKMARK [2][-]{subsection.5.3}{\376\377\000U\000s\000o\000\040\000d\000e\000l\000\040\000d\000i\000a\000g\000r\000a\000m\000a\000\040\000p\000a\000r\000a\000\040\000s\000e\000l\000e\000c\000c\000i\000o\000n\000a\000r\000\040\000a\000l\000g\000o\000r\000i\000t\000m\000o\000s}{section.5}% 11
\BOOKMARK [1][-]{section.6}{\376\377\000A\000c\000t\000i\000v\000i\000d\000a\000d\000\040\0006\000:\000\040\000C\000l\000u\000s\000t\000e\000r\000i\000n\000g\000\040\000p\000a\000r\000a\000\040\000d\000e\000t\000e\000c\000c\000i\000\363\000n\000\040\000d\000e\000\040\000a\000n\000o\000m\000a\000l\000\355\000a\000s}{}% 12
\BOOKMARK [2][-]{subsection.6.1}{\376\377\000F\000u\000n\000d\000a\000m\000e\000n\000t\000o\000\040\000t\000e\000\363\000r\000i\000c\000o}{section.6}% 13
\BOOKMARK [2][-]{subsection.6.2}{\376\377\000E\000n\000f\000o\000q\000u\000e\000\040\000p\000r\000\341\000c\000t\000i\000c\000o\000:\000\040\000C\000l\000u\000s\000t\000e\000r\000i\000n\000g\000\040\000+\000\040\000u\000m\000b\000r\000a\000l\000\040\000d\000e\000\040\000d\000i\000s\000t\000a\000n\000c\000i\000a}{section.6}% 14
\BOOKMARK [2][-]{subsection.6.3}{\376\377\000V\000e\000n\000t\000a\000j\000a\000s\000\040\000y\000\040\000l\000i\000m\000i\000t\000a\000c\000i\000o\000n\000e\000s}{section.6}% 15
\BOOKMARK [1][-]{section.7}{\376\377\000A\000c\000t\000i\000v\000i\000d\000a\000d\000\040\0007\000:\000\040\000M\000\351\000t\000o\000d\000o\000s\000\040\000j\000e\000r\000\341\000r\000q\000u\000i\000c\000o\000s\000\040\000e\000n\000\040\000a\000n\000\341\000l\000i\000s\000i\000s\000\040\000d\000e\000\040\000g\000r\000u\000p\000o\000s}{}% 16
\BOOKMARK [2][-]{subsection.7.1}{\376\377\000V\000a\000r\000i\000a\000n\000t\000e\000s\000\040\000y\000\040\000c\000r\000i\000t\000e\000r\000i\000o\000s\000\040\000d\000e\000\040\000e\000n\000l\000a\000c\000e}{section.7}% 17
\BOOKMARK [2][-]{subsection.7.2}{\376\377\000E\000j\000e\000m\000p\000l\000o\000:\000\040\000c\000i\000n\000c\000o\000\040\000p\000u\000n\000t\000o\000s\000\040\000e\000n\000\040\000R\0002}{section.7}% 18
\BOOKMARK [1][-]{section.8}{\376\377\000A\000c\000t\000i\000v\000i\000d\000a\000d\000\040\0008\000:\000\040\000S\000O\000M\000\040\000\050\000K\000o\000h\000o\000n\000e\000n\000\051\000\040\000v\000s\000\040\000A\000R\000T\0002}{}% 19
\BOOKMARK [2][-]{subsection.8.1}{\376\377\000S\000O\000M\000:\000\040\000p\000r\000e\000s\000e\000r\000v\000a\000c\000i\000\363\000n\000\040\000t\000o\000p\000o\000l\000\363\000g\000i\000c\000a\000\040\000s\000o\000b\000r\000e\000\040\000r\000e\000j\000i\000l\000l\000a\000\040\000f\000i\000j\000a}{section.8}% 20
\BOOKMARK [2][-]{subsection.8.2}{\376\377\000A\000R\000T\0002\000:\000\040\000p\000l\000a\000s\000t\000i\000c\000i\000d\000a\000d\000-\000e\000s\000t\000a\000b\000i\000l\000i\000d\000a\000d\000\040\000c\000o\000n\000\040\000v\000i\000g\000i\000l\000a\000n\000c\000i\000a\000\040\000a\000d\000a\000p\000t\000a\000t\000i\000v\000a}{section.8}% 21
\BOOKMARK [2][-]{subsection.8.3}{\376\377\000C\000o\000m\000p\000a\000r\000a\000c\000i\000\363\000n}{section.8}% 22
\BOOKMARK [1][-]{section.9}{\376\377\000A\000c\000t\000i\000v\000i\000d\000a\000d\000\040\0009\000:\000\040\000A\000g\000r\000u\000p\000a\000c\000i\000\363\000n\000\040\000i\000n\000c\000r\000e\000m\000e\000n\000t\000a\000l}{}% 23
\BOOKMARK [2][-]{subsection.9.1}{\376\377\000A\000l\000g\000o\000r\000i\000t\000m\000o\000\040\000B\000I\000R\000C\000H}{section.9}% 24
\BOOKMARK [2][-]{subsection.9.2}{\376\377\000E\000j\000e\000m\000p\000l\000o\000:\000\040\000m\000o\000n\000i\000t\000o\000r\000e\000o\000\040\000d\000e\000\040\000t\000r\000a\000n\000s\000a\000c\000c\000i\000o\000n\000e\000s\000\040\000b\000a\000n\000c\000a\000r\000i\000a\000s}{section.9}% 25
\BOOKMARK [1][-]{section.10}{\376\377\000A\000c\000t\000i\000v\000i\000d\000a\000d\000\040\0001\0000\000:\000\040\000D\000i\000s\000t\000a\000n\000c\000i\000a\000s\000\040\000d\000e\000\040\000s\000i\000m\000i\000l\000i\000t\000u\000d\000\040\000p\000a\000r\000a\000\040\000a\000g\000r\000u\000p\000a\000c\000i\000\363\000n}{}% 26
\BOOKMARK [2][-]{subsection.10.1}{\376\377\000D\000i\000s\000t\000a\000n\000c\000i\000a\000\040\000e\000u\000c\000l\000i\000d\000i\000a\000n\000a\000\040\000c\000a\000n\000\363\000n\000i\000c\000a}{section.10}% 27
\BOOKMARK [2][-]{subsection.10.2}{\376\377\000D\000i\000s\000t\000a\000n\000c\000i\000a\000\040\000d\000e\000\040\000M\000a\000n\000h\000a\000t\000t\000a\000n}{section.10}% 28
\BOOKMARK [2][-]{subsection.10.3}{\376\377\000D\000i\000s\000t\000a\000n\000c\000i\000a\000\040\000d\000e\000l\000\040\000s\000u\000p\000r\000e\000m\000o}{section.10}% 29
\BOOKMARK [2][-]{subsection.10.4}{\376\377\000D\000i\000s\000t\000a\000n\000c\000i\000a\000\040\000d\000e\000\040\000C\000a\000n\000b\000e\000r\000r\000a}{section.10}% 30
\BOOKMARK [2][-]{subsection.10.5}{\376\377\000D\000i\000s\000t\000a\000n\000c\000i\000a\000\040\000b\000i\000n\000a\000r\000i\000a}{section.10}% 31
\BOOKMARK [2][-]{subsection.10.6}{\376\377\000D\000i\000s\000t\000a\000n\000c\000i\000a\000\040\000d\000e\000\040\000M\000a\000h\000a\000l\000a\000n\000o\000b\000i\000s}{section.10}% 32
\BOOKMARK [2][-]{subsection.10.7}{\376\377\000D\000i\000s\000t\000a\000n\000c\000i\000a\000\040\000d\000e\000\040\000H\000a\000m\000m\000i\000n\000g}{section.10}% 33
